---
source: server/zenith/test/media.rs
expression: "app.get(\"/shows/4/seasons\").await"
---
[
  {
    "age_rating": null,
    "backdrop": null,
    "cast": [],
    "director": null,
    "end_date": null,
    "external_ids": {
      "imdb": null,
      "tmdb": null
    },
    "genres": [],
    "id": 7,
    "name": "Season 1",
    "overview": null,
    "parent": {
      "id": 4,
      "index": 1,
      "name": "Test Show 1"
    },
    "poster": null,
    "start_date": null,
    "thumbnail": null,
    "trailer": null,
    "type": "season",
    "user_data": {
      "type": "collection",
      "unwatched": 2
    }
  },
  {
    "age_rating": null,
    "backdrop": null,
    "cast": [],
    "director": null,
    "end_date": null,
    "external_ids": {
      "imdb": null,
      "tmdb": null
    },
    "genres": [],
    "id": 8,
    "name": "Season 2",
    "overview": null,
    "parent": {
      "id": 4,
      "index": 2,
      "name": "Test Show 1"
    },
    "poster": null,
    "start_date": null,
    "thumbnail": null,
    "trailer": null,
    "type": "season",
    "user_data": {
      "type": "collection",
      "unwatched": 2
    }
  }
]
