---
source: server/zenith/test/users.rs
expression: "app.get(\"/users/me\").await"
---
{
  "id": 1,
  "username": "test"
}
